// Jest Snapshot v1, https://goo.gl/fbAQLP

exports[`<CardPreview /> Component should render the <CardPreview /> Component correctly 1`] = `
<section
  className="preview"
>
  <h1
    className="card-title"
  >
    hCard preview
  </h1>
  <header
    className="card-header"
  >
    <h2>
      sam
       
      sadot
    </h2>
    <div
      className="card-avatar"
    >
      <img
        alt="avatar"
        src="sample_fallback.png"
      />
    </div>
  </header>
  <section
    className="card-body"
  >
    <div
      className="card-items"
    >
      <div
        className="label"
      >
        email
      </div>
      <div
        className="info"
      >
        sam@sam.com
      </div>
    </div>
    <div
      className="card-items"
    >
      <div
        className="label"
      >
        phone
      </div>
      <div
        className="info"
      >
        0433530825
      </div>
    </div>
    <div
      className="card-items"
    >
      <div
        className="label"
      >
        address
      </div>
      <div
        className="info"
      >
        1a
         
        King street
      </div>
    </div>
    <div
      className="card-items"
    >
      <div
        className="label"
        style={
          Object {
            "visibility": "hidden",
          }
        }
      >
        address2
      </div>
      <div
        className="info"
      >
        Sydney,
         
        NSW
      </div>
    </div>
    <div
      className="card-special-item-wrapper"
    >
      <div
        className="card-special-items"
      >
        <div
          className="label"
        >
          postcode
        </div>
        <div
          className="info-special"
        >
          2000
        </div>
      </div>
      <div
        className="card-special-items"
      >
        <div
          className="label"
        >
          country
        </div>
        <div
          className="info-special"
        >
          Australia
        </div>
      </div>
    </div>
  </section>
</section>
`;
