// Jest Snapshot v1, https://goo.gl/fbAQLP

exports[`<CardForm /> component existence cehck should render the <CardForm /> Component correctly 1`] = `
<div
  className="form-container"
>
  <header>
    <h1>
      hCard Builder
    </h1>
  </header>
  <form
    onSubmit={[Function]}
  >
    <Divider
      text="personal details"
    />
    <section
      className="form-center"
    >
      <FormElement
        formField="input"
        handleChange={[Function]}
        name="givenname"
        title="given name"
        type="text"
      />
      <FormElement
        formField="input"
        handleChange={[Function]}
        name="surname"
        title="surname"
        type="text"
      />
      <FormElement
        formField="input"
        handleChange={[Function]}
        name="email"
        title="email"
        type="email"
      />
      <FormElement
        formField="input"
        handleChange={[Function]}
        name="phone"
        title="phone"
        type="text"
      />
    </section>
    <Divider
      text="personal details"
    />
    <section
      className="form-center"
    >
      <FormElement
        formField="input"
        handleChange={[Function]}
        name="houseno"
        title="houseno"
        type="text"
      />
      <FormElement
        formField="input"
        handleChange={[Function]}
        name="street"
        title="street"
        type="text"
      />
      <FormElement
        formField="input"
        handleChange={[Function]}
        name="suburb"
        title="suburb"
        type="text"
      />
      <FormElement
        formField="select"
        handleChange={[Function]}
        name="state"
        title="state"
        type="text"
      />
      <FormElement
        formField="input"
        handleChange={[Function]}
        name="postcode"
        title="postcode"
        type="number"
      />
      <FormElement
        formField="input"
        handleChange={[Function]}
        name="country"
        title="country"
        type="text"
      />
      <div
        className="btn-group "
      >
        <input
          hidden={true}
          id="upload-button"
          name="img-upload"
          onChange={[Function]}
          type="file"
        />
        <input
          className="btn btn-avatar"
          id="btn-avatar"
          name="upload"
          onClick={[Function]}
          readOnly={true}
          value="Upload Avatar"
        />
        <button
          className="btn btn-hcard"
          name="submit"
          type="submit"
        >
          Create hCard
        </button>
      </div>
    </section>
  </form>
</div>
`;
