// Jest Snapshot v1, https://goo.gl/fbAQLP

exports[`App and other components existence check should render the <App /> Component correctly 1`] = `
<App>
  <section
    className="App"
  >
    <HelmetWrapper
      defer={true}
      encodeSpecialCharacters={true}
    >
      <SideEffect(NullComponent)
        defer={true}
        encodeSpecialCharacters={true}
        meta={
          Array [
            Object {
              "content": "hCard Builder is a simple app, publishing people, companies and organizations on the web",
              "name": "description",
            },
          ]
        }
        title="hCard  Builder"
        titleAttributes={Object {}}
      >
        <NullComponent
          defer={true}
          encodeSpecialCharacters={true}
          meta={
            Array [
              Object {
                "content": "hCard Builder is a simple app, publishing people, companies and organizations on the web",
                "name": "description",
              },
            ]
          }
          title="hCard  Builder"
          titleAttributes={Object {}}
        />
      </SideEffect(NullComponent)>
    </HelmetWrapper>
    <CardForm
      handleChange={[Function]}
      handleImage={[Function]}
      handleSubmit={[Function]}
    >
      <div
        className="form-container"
      >
        <header>
          <h1>
            hCard Builder
          </h1>
        </header>
        <form
          onSubmit={[Function]}
        >
          <Divider
            text="personal details"
          >
            <div
              className="divider"
            >
              <p>
                personal details
              </p>
            </div>
          </Divider>
          <section
            className="form-center"
          >
            <FormElement
              formField="input"
              handleChange={[Function]}
              name="givenname"
              title="given name"
              type="text"
            >
              <div
                className="form-group"
              >
                <label
                  htmlFor="givenname"
                >
                  given name
                </label>
                <input
                  className="form-input"
                  name="givenname"
                  onChange={[Function]}
                  type="text"
                />
              </div>
            </FormElement>
            <FormElement
              formField="input"
              handleChange={[Function]}
              name="surname"
              title="surname"
              type="text"
            >
              <div
                className="form-group"
              >
                <label
                  htmlFor="surname"
                >
                  surname
                </label>
                <input
                  className="form-input"
                  name="surname"
                  onChange={[Function]}
                  type="text"
                />
              </div>
            </FormElement>
            <FormElement
              formField="input"
              handleChange={[Function]}
              name="email"
              title="email"
              type="email"
            >
              <div
                className="form-group"
              >
                <label
                  htmlFor="email"
                >
                  email
                </label>
                <input
                  className="form-input"
                  name="email"
                  onChange={[Function]}
                  type="email"
                />
              </div>
            </FormElement>
            <FormElement
              formField="input"
              handleChange={[Function]}
              name="phone"
              title="phone"
              type="text"
            >
              <div
                className="form-group"
              >
                <label
                  htmlFor="phone"
                >
                  phone
                </label>
                <input
                  className="form-input"
                  name="phone"
                  onChange={[Function]}
                  type="text"
                />
              </div>
            </FormElement>
          </section>
          <Divider
            text="personal details"
          >
            <div
              className="divider"
            >
              <p>
                personal details
              </p>
            </div>
          </Divider>
          <section
            className="form-center"
          >
            <FormElement
              formField="input"
              handleChange={[Function]}
              name="houseno"
              title="houseno"
              type="text"
            >
              <div
                className="form-group"
              >
                <label
                  htmlFor="houseno"
                >
                  houseno
                </label>
                <input
                  className="form-input"
                  name="houseno"
                  onChange={[Function]}
                  type="text"
                />
              </div>
            </FormElement>
            <FormElement
              formField="input"
              handleChange={[Function]}
              name="street"
              title="street"
              type="text"
            >
              <div
                className="form-group"
              >
                <label
                  htmlFor="street"
                >
                  street
                </label>
                <input
                  className="form-input"
                  name="street"
                  onChange={[Function]}
                  type="text"
                />
              </div>
            </FormElement>
            <FormElement
              formField="input"
              handleChange={[Function]}
              name="suburb"
              title="suburb"
              type="text"
            >
              <div
                className="form-group"
              >
                <label
                  htmlFor="suburb"
                >
                  suburb
                </label>
                <input
                  className="form-input"
                  name="suburb"
                  onChange={[Function]}
                  type="text"
                />
              </div>
            </FormElement>
            <FormElement
              formField="select"
              handleChange={[Function]}
              name="state"
              title="state"
              type="text"
            >
              <div
                className="form-group"
              >
                <label
                  htmlFor="state"
                >
                  state
                </label>
                <select
                  className="form-input"
                  name="state"
                  onChange={[Function]}
                >
                  <option
                    value="-1"
                  >
                    Select your state
                  </option>
                  <option
                    value="NSW"
                  >
                    NSW
                  </option>
                  <option
                    value="ACT"
                  >
                    ACT
                  </option>
                  <option
                    value="VIC"
                  >
                    VIC
                  </option>
                  <option
                    value="QLD"
                  >
                    QLD
                  </option>
                  <option
                    value="TAS"
                  >
                    TAS
                  </option>
                  <option
                    value="WA"
                  >
                    WA
                  </option>
                </select>
              </div>
            </FormElement>
            <FormElement
              formField="input"
              handleChange={[Function]}
              name="postcode"
              title="postcode"
              type="number"
            >
              <div
                className="form-group"
              >
                <label
                  htmlFor="postcode"
                >
                  postcode
                </label>
                <input
                  className="form-input"
                  name="postcode"
                  onChange={[Function]}
                  type="number"
                />
              </div>
            </FormElement>
            <FormElement
              formField="input"
              handleChange={[Function]}
              name="country"
              title="country"
              type="text"
            >
              <div
                className="form-group"
              >
                <label
                  htmlFor="country"
                >
                  country
                </label>
                <input
                  className="form-input"
                  name="country"
                  onChange={[Function]}
                  type="text"
                />
              </div>
            </FormElement>
            <div
              className="btn-group "
            >
              <input
                hidden={true}
                id="upload-button"
                name="img-upload"
                onChange={[Function]}
                type="file"
              />
              <input
                className="btn btn-avatar"
                id="btn-avatar"
                name="upload"
                onClick={[Function]}
                readOnly={true}
                value="Upload Avatar"
              />
              <button
                className="btn btn-hcard"
                name="submit"
                type="submit"
              >
                Create hCard
              </button>
            </div>
          </section>
        </form>
      </div>
    </CardForm>
    <CardPreview
      avatar={
        Object {
          "preview_imgUrl": "",
        }
      }
      user={Object {}}
    >
      <section
        className="preview"
      >
        <h1
          className="card-title"
        >
          hCard preview
        </h1>
        <header
          className="card-header"
        >
          <h2>
             
          </h2>
          <div
            className="card-avatar"
          >
            <img
              alt="avatar"
              src="sample_fallback.png"
            />
          </div>
        </header>
        <section
          className="card-body"
        >
          <div
            className="card-items"
          >
            <div
              className="label"
            >
              email
            </div>
            <div
              className="info"
            />
          </div>
          <div
            className="card-items"
          >
            <div
              className="label"
            >
              phone
            </div>
            <div
              className="info"
            />
          </div>
          <div
            className="card-items"
          >
            <div
              className="label"
            >
              address
            </div>
            <div
              className="info"
            >
               
            </div>
          </div>
          <div
            className="card-items"
          >
            <div
              className="label"
              style={
                Object {
                  "visibility": "hidden",
                }
              }
            >
              address2
            </div>
            <div
              className="info"
            >
               
            </div>
          </div>
          <div
            className="card-special-item-wrapper"
          >
            <div
              className="card-special-items"
            >
              <div
                className="label"
              >
                postcode
              </div>
              <div
                className="info-special"
              />
            </div>
            <div
              className="card-special-items"
            >
              <div
                className="label"
              >
                country
              </div>
              <div
                className="info-special"
              />
            </div>
          </div>
        </section>
      </section>
    </CardPreview>
  </section>
</App>
`;
